Nothing to build in platform 'system'

20:27:29 **** Incremental Build of configuration Debug for project DemoFileViaSocket ****
make all 
make --no-print-directory pre-build
a9-linaro-pre-build-step
' '
make --no-print-directory main-build
'Building file: ../src/DemoFileViaSocket.cpp'
'Invoking: ARM v7 g++ compiler'
arm-none-eabi-g++ -Wall -O0 -g3 -c -fmessage-length=0 -MT"src/DemoFileViaSocket.o" -mcpu=cortex-a9 -mfpu=vfpv3 -mfloat-abi=hard -IC:/MicroZed_projects/Zybo-Z7/DemoFileViaSocket/system/export/system/sw/system/freertos10_xilinx_domain/bspinclude/include -MMD -MP -MF"src/DemoFileViaSocket.d" -MT"src/DemoFileViaSocket.o" -o "src/DemoFileViaSocket.o" "../src/DemoFileViaSocket.cpp"
'Finished building: ../src/DemoFileViaSocket.cpp'
' '
'Building target: DemoFileViaSocket.elf'
'Invoking: ARM v7 g++ linker'
arm-none-eabi-g++ -mcpu=cortex-a9 -mfpu=vfpv3 -mfloat-abi=hard -Wl,-build-id=none -specs=Xilinx.spec -Wl,-T -Wl,../src/lscript.ld -LC:/MicroZed_projects/Zybo-Z7/DemoFileViaSocket/system/export/system/sw/system/freertos10_xilinx_domain/bsplib/lib -o "DemoFileViaSocket.elf"  ./src/DemoFileViaSocket.o ./src/FileViaSocket.o   -Wl,--start-group,-lxil,-lfreertos,-lgcc,-lc,-lstdc++,--end-group -Wl,--start-group,-lxil,-llwip4,-lgcc,-lc,--end-group
'Finished building target: DemoFileViaSocket.elf'
' '
'Invoking: ARM v7 Print Size'
arm-none-eabi-size DemoFileViaSocket.elf  |tee "DemoFileViaSocket.elf.size"
   text	   data	    bss	    dec	    hex	filename
 629831	   3696	3205424	3838951	 3a93e7	DemoFileViaSocket.elf
'Finished building: DemoFileViaSocket.elf.size'
' '
20:27:30 **** Incremental Build of configuration Debug for project DemoFileViaSocket_system ****
make all 
Generating bif file for the system project
generate_system_bif.bat 51973 C:/MicroZed_projects/Zybo-Z7/DemoFileViaSocket/system/export/system/system.xpfm freertos10_xilinx_domain C:/MicroZed_projects/Zybo-Z7/DemoFileViaSocket/DemoFileViaSocket_system/Debug/system.bif
sdcard_gen --xpfm C:/MicroZed_projects/Zybo-Z7/DemoFileViaSocket/system/export/system/system.xpfm --sys_config system --bif C:/MicroZed_projects/Zybo-Z7/DemoFileViaSocket/DemoFileViaSocket_system/Debug/system.bif --bitstream C:/MicroZed_projects/Zybo-Z7/DemoFileViaSocket/DemoFileViaSocket/_ide/bitstream/system_wrapper.bit --elf C:/MicroZed_projects/Zybo-Z7/DemoFileViaSocket/DemoFileViaSocket/Debug/DemoFileViaSocket.elf,ps7_cortexa9_0
creating BOOT.BIN using C:/MicroZed_projects/Zybo-Z7/DemoFileViaSocket/DemoFileViaSocket/_ide/bitstream/system_wrapper.bit
Running C:/Xilinx/Vitis/2023.1/bin/bootgen  -image C:/MicroZed_projects/Zybo-Z7/DemoFileViaSocket/DemoFileViaSocket_system/Debug/sd_card_temp/boot.bif -w -o i BOOT.BIN
20:28:01 **** Clean-only build of configuration Debug for project DemoFileViaSocket ****
make clean 
rm -rf  ./src/DemoFileViaSocket.o ./src/FileViaSocket.o  ./src/DemoFileViaSocket.d ./src/FileViaSocket.d  DemoFileViaSocket.elf.size  DemoFileViaSocket.elf
' '
20:28:01 **** Clean-only build of configuration Debug for project DemoFileViaSocket_system ****
make clean 
rm -rf ./_sds
rm -rf package
rm -f system.bif
20:28:01 **** Clean-only build of project system ****
buildplatform.bat 51973 system clean 
XSDB Server Channel: tcfchan#4
Reading the platform  : "system"
Cleaning the zynq_fsbl application.
rm -rf  sd.o  nand.o  image_mover.o  md5.o  fsbl_hooks.o  main.o  nor.o  qspi.o  rsa.o  ps7_init.o  pcap.o  fsbl_handoff.o zynq
_fsbl_bsp/ps7_cortexa9_0/lib/libxil.a fsbl.elf *.o

Cleaning the zynq_fsbl application, bsp
make -C ps7_cortexa9_0/libsrc/coresightps_dcc_v1_8/src -s clean 

make -C ps7_cortexa9_0/libsrc/cpu_cortexa9_v2_11/src -s clean 

make -C ps7_cortexa9_0/libsrc/ddrps_v1_2/src -s clean 

make -C ps7_cortexa9_0/libsrc/devcfg_v3_7/src -s clean 

make -C ps7_cortexa9_0/libsrc/dmaps_v2_8/src -s clean 

make -C ps7_cortexa9_0/libsrc/emacps_v3_18/src -s clean 

make -C ps7_cortexa9_0/libsrc/gpiops_v3_11/src -s clean 

make -C ps7_cortexa9_0/libsrc/qspips_v3_10/src -s clean 

make -C ps7_cortexa9_0/libsrc/scugic_v5_1/src -s clean 

make -C ps7_cortexa9_0/libsrc/scutimer_v2_4/src -s clean 

make -C ps7_cortexa9_0/libsrc/scuwdt_v2_4/src -s clean 

make -C ps7_cortexa9_0/libsrc/sdps_v4_1/src -s clean 

make -C ps7_cortexa9_0/libsrc/standalone_v8_1/src -s clean 

make -C ps7_cortexa9_0/libsrc/uartps_v3_12/src -s clean 

make -C ps7_cortexa9_0/libsrc/usbps_v2_7/src -s clean 

make -C ps7_cortexa9_0/libsrc/xadcps_v2_6/src -s clean 

make -C ps7_cortexa9_0/libsrc/xilffs_v5_0/src -s clean 

make -C ps7_cortexa9_0/libsrc/xilrsa_v1_6/src -s clean 

rm -f ps7_cortexa9_0/lib/libxil.a

Cleaning the BSP for domain  - freertos10_xilinx_domain
make -C ps7_cortexa9_0/libsrc/coresightps_dcc_v1_8/src -s clean 

make -C ps7_cortexa9_0/libsrc/cpu_cortexa9_v2_11/src -s clean 

make -C ps7_cortexa9_0/libsrc/ddrps_v1_2/src -s clean 

make -C ps7_cortexa9_0/libsrc/devcfg_v3_7/src -s clean 

make -C ps7_cortexa9_0/libsrc/dmaps_v2_8/src -s clean 

make -C ps7_cortexa9_0/libsrc/emacps_v3_18/src -s clean 

make -C ps7_cortexa9_0/libsrc/freertos10_xilinx_v1_13/src -s clean 

make -C ps7_cortexa9_0/libsrc/gpiops_v3_11/src -s clean 

make -C ps7_cortexa9_0/libsrc/lwip213_v1_0/src -s clean 

make -C ps7_cortexa9_0/libsrc/qspips_v3_10/src -s clean 

make -C ps7_cortexa9_0/libsrc/scugic_v5_1/src -s clean 

make -C ps7_cortexa9_0/libsrc/scutimer_v2_4/src -s clean 

make -C ps7_cortexa9_0/libsrc/scuwdt_v2_4/src -s clean 

make -C ps7_cortexa9_0/libsrc/sdps_v4_1/src -s clean 

make -C ps7_cortexa9_0/libsrc/uartps_v3_12/src -s clean 

make -C ps7_cortexa9_0/libsrc/usbps_v2_7/src -s clean 

make -C ps7_cortexa9_0/libsrc/xadcps_v2_6/src -s clean 

rm -f ps7_cortexa9_0/lib/libxil.a

